﻿
> build
> react-router build

[36mvite v6.4.1 [32mbuilding for production...[36m[39m
transforming...
[32mΓ£ô[39m 1058 modules transformed.
npm : [31mΓ£ù[39m Build failed in 3.55s
At line:1 char:1
+ npm run build > build_output.txt 2>&1
+ ~~~~~~~~~~~~~~~~~~~~~~~~~~~~~~~~~~~~~
    + CategoryInfo          : NotSpecified: ([31mΓ£ù[39m Build failed in 3.55s:String) [], RemoteException
    + FullyQualifiedErrorId : NativeCommandError
 
[31m[vite:esbuild] Transform failed with 5 errors:
D:/shopify_app_product/product-customise/app/components/Fbt/UpsellFbt.jsx:643:32: ERROR: Unexpected closing "s-stack" 
tag does not match opening "InlineStack" tag
D:/shopify_app_product/product-customise/app/components/Fbt/UpsellFbt.jsx:644:30: ERROR: Unexpected closing "s-box" 
tag does not match opening "Box" tag
D:/shopify_app_product/product-customise/app/components/Fbt/UpsellFbt.jsx:730:30: ERROR: Unexpected closing "s-box" 
tag does not match opening "Box" tag
D:/shopify_app_product/product-customise/app/components/Fbt/UpsellFbt.jsx:865:10: ERROR: Unexpected closing "div" tag 
does not match opening "Layout" tag
D:/shopify_app_product/product-customise/app/components/Fbt/UpsellFbt.jsx:881:14: ERROR: Unexpected closing "div" tag 
does not match opening "Page" tag[39m
file: [36mD:/shopify_app_product/product-customise/app/components/Fbt/UpsellFbt.jsx:643:32[39m
[33m
[33mUnexpected closing "s-stack" tag does not match opening "InlineStack" tag[33m
641|                                    Remove
642|                                  </s-button>
643|                                </s-stack>
   |                                  ^
644|                              </s-box>
645|                            ))}

[33mUnexpected closing "s-box" tag does not match opening "Box" tag[33m
642|                                  </s-button>
643|                                </s-stack>
644|                              </s-box>
   |                                ^
645|                            ))}
646|                          </s-stack>

[33mUnexpected closing "s-box" tag does not match opening "Box" tag[33m
728|                                  </s-button>
729|                                </s-stack>
730|                              </s-box>
   |                                ^
731|                            ))}
732|                          </s-stack>

[33mUnexpected closing "div" tag does not match opening "Layout" tag[33m
863|          
864|  
865|          </div><div style={{ flex: '1 1 33%' }}>
   |            ^
866|            <s-stack direction="block" gap="base">
867|              <OfferSummary

[33mUnexpected closing "div" tag does not match opening "Page" tag[33m
879|            </s-stack>
880|          
881|        </div></div>
   |                ^
882|      
883|    );
[39m
    at failureErrorWithLog (D:\shopify_app_product\product-customise\node_modules\esbuild\lib\main.js:1467:15)
    at D:\shopify_app_product\product-customise\node_modules\esbuild\lib\main.js:736:50
    at responseCallbacks.<computed> (D:\shopify_app_product\product-customise\node_modules\esbuild\lib\main.js:603:9)
    at handleIncomingPacket (D:\shopify_app_product\product-customise\node_modules\esbuild\lib\main.js:658:12)
    at Socket.readFromStdout (D:\shopify_app_product\product-customise\node_modules\esbuild\lib\main.js:581:7)
    at Socket.emit (node:events:524:28)
    at addChunk (node:internal/streams/readable:561:12)
    at readableAddChunkPushByteMode (node:internal/streams/readable:512:3)
    at Socket.Readable.push (node:internal/streams/readable:392:5)
    at Pipe.onStreamRead (node:internal/stream_base_commons:191:23) {
  errors: [Getter/Setter],
  warnings: [Getter/Setter],
  frame: '\n' +
    '\x1B[33mUnexpected closing "s-stack" tag does not match opening "InlineStack" tag\x1B[39m\n' +
    '641|                                    Remove\n' +
    '642|                                  </s-button>\n' +
    '643|                                </s-stack>\n' +
    '   |                                  ^\n' +
    '644|                              </s-box>\n' +
    '645|                            ))}\n' +
    '\n' +
    '\x1B[33mUnexpected closing "s-box" tag does not match opening "Box" tag\x1B[39m\n' +
    '642|                                  </s-button>\n' +
    '643|                                </s-stack>\n' +
    '644|                              </s-box>\n' +
    '   |                                ^\n' +
    '645|                            ))}\n' +
    '646|                          </s-stack>\n' +
    '\n' +
    '\x1B[33mUnexpected closing "s-box" tag does not match opening "Box" tag\x1B[39m\n' +
    '728|                                  </s-button>\n' +
    '729|                                </s-stack>\n' +
    '730|                              </s-box>\n' +
    '   |                                ^\n' +
    '731|                            ))}\n' +
    '732|                          </s-stack>\n' +
    '\n' +
    '\x1B[33mUnexpected closing "div" tag does not match opening "Layout" tag\x1B[39m\n' +
    '863|          \n' +
    '864|  \n' +
    "865|          </div><div style={{ flex: '1 1 33%' }}>\n" +
    '   |            ^\n' +
    '866|            <s-stack direction="block" gap="base">\n' +
    '867|              <OfferSummary\n' +
    '\n' +
    '\x1B[33mUnexpected closing "div" tag does not match opening "Page" tag\x1B[39m\n' +
    '879|            </s-stack>\n' +
    '880|          \n' +
    '881|        </div></div>\n' +
    '   |                ^\n' +
    '882|      \n' +
    '883|    );\n',
  loc: {
    column: 32,
    file: 'D:/shopify_app_product/product-customise/app/components/Fbt/UpsellFbt.jsx',
    length: 7,
    line: 643,
    lineText: '                              </s-stack>',
    namespace: '',
    suggestion: 'InlineStack'
  },
  code: 'PLUGIN_ERROR',
  plugin: 'vite:esbuild',
  hook: 'transform',
  id: 'D:/shopify_app_product/product-customise/app/components/Fbt/UpsellFbt.jsx',
  watchFiles: [
    'D:/shopify_app_product/product-customise/app/root.jsx',
    'D:/shopify_app_product/product-customise/node_modules/@react-router/dev/dist/config/defaults/entry.client.tsx',
    'D:/shopify_app_product/product-customise/app/routes/api.delete-quantity-discount.jsx',
    'D:/shopify_app_product/product-customise/app/routes/api.update-quantity-discount.jsx',
    'D:/shopify_app_product/product-customise/app/routes/api.automatic-discounts.jsx',
    'D:/shopify_app_product/product-customise/app/routes/api.fbt-product-filters.jsx',
    'D:/shopify_app_product/product-customise/app/routes/api.delete-bxgy-offer.jsx',
    'D:/shopify_app_product/product-customise/app/routes/api.product-filters.jsx',
    'D:/shopify_app_product/product-customise/app/routes/apps.quantity-break.jsx',
    'D:/shopify_app_product/product-customise/app/routes/api.quantity-break.jsx',
    'D:/shopify_app_product/product-customise/app/routes/api.fixed-bundle.jsx',
    'D:/shopify_app_product/product-customise/app/routes/api.bxgy-offers.jsx',
    'D:/shopify_app_product/product-customise/app/routes/api.fbt-offers.jsx',
    'D:/shopify_app_product/product-customise/app/routes/auth.login/route.jsx',
    'D:/shopify_app_product/product-customise/app/routes/webhooks.jsx',
    'D:/shopify_app_product/product-customise/app/routes/webhooks.app.scopes_update.jsx',
    'D:/shopify_app_product/product-customise/app/routes/webhooks.app.uninstalled.jsx',
    'D:/shopify_app_product/product-customise/app/routes/auth.$.jsx',
    'D:/shopify_app_product/product-customise/app/routes/_index/route.jsx',
    'D:/shopify_app_product/product-customise/app/routes/app.jsx',
    'D:/shopify_app_product/product-customise/app/routes/app.quantity-breaks.jsx',
    'D:/shopify_app_product/product-customise/app/routes/app.edit-buyXgetY.jsx',
    'D:/shopify_app_product/product-customise/app/routes/app.fixed-bundles.jsx',
    'D:/shopify_app_product/product-customise/app/routes/app.quantityBreak.jsx',
    'D:/shopify_app_product/product-customise/app/routes/app.fixed-bundle.jsx',
    'D:/shopify_app_product/product-customise/app/routes/app.helpSupport.jsx',
    'D:/shopify_app_product/product-customise/app/routes/app.allOffers.jsx',
    'D:/shopify_app_product/product-customise/app/routes/app.bxgy-list.jsx',
    'D:/shopify_app_product/product-customise/app/routes/app.buyXgetY.jsx',
    'D:/shopify_app_product/product-customise/app/routes/app.fbt-list.jsx',
    'D:/shopify_app_product/product-customise/app/routes/app._index.jsx',
    'D:/shopify_app_product/product-customise/app/routes/app.fbt.jsx',
    'D:\\shopify_app_product\\product-customise\\package.json',
    'D:/shopify_app_product/product-customise/node_modules/react/jsx-runtime.js',
    'D:/shopify_app_product/product-customise/node_modules/react/index.js',
    'D:/shopify_app_product/product-customise/node_modules/react-dom/client.js',
    'D:/shopify_app_product/product-customise/node_modules/react-router/dist/development/dom-export.mjs',
    'D:/shopify_app_product/product-customise/node_modules/react/cjs/react-jsx-runtime.production.min.js',
    'D:/shopify_app_product/product-customise/node_modules/react/cjs/react.production.min.js',
    'D:/shopify_app_product/product-customise/node_modules/react-dom/index.js',
    'D:/shopify_app_product/product-customise/node_modules/react-router/dist/development/chunk-4LKRSAEJ.mjs',
    'D:/shopify_app_product/product-customise/node_modules/react-router/dist/development/chunk-JZWAC4HX.mjs',
    'D:/shopify_app_product/product-customise/node_modules/@shopify/polaris/build/esm/index.js',
    'D:/shopify_app_product/product-customise/node_modules/react-router/dist/development/index.mjs',
    'D:/shopify_app_product/product-customise/node_modules/@shopify/polaris/build/esm/styles.css',
    'D:/shopify_app_product/product-customise/node_modules/@shopify/polaris/locales/en.json',
    'D:/shopify_app_product/product-customise/node_modules/react-dom/cjs/react-dom.production.min.js',
    
'D:/shopify_app_product/product-customise/node_modules/@shopify/shopify-app-react-router/dist/esm/server/index.mjs',
    'D:/shopify_app_product/product-customise/node_modules/react-router/node_modules/cookie/dist/index.js',
    'D:/shopify_app_product/product-customise/node_modules/set-cookie-parser/lib/set-cookie.js',
    'D:/shopify_app_product/product-customise/app/routes/_index/styles.module.css',
    'D:/shopify_app_product/product-customise/app/components/FixedBundles/FixedBundle.jsx',
    'D:/shopify_app_product/product-customise/node_modules/@shopify/polaris/build/esm/types.js',
    'D:/shopify_app_product/product-customise/node_modules/@shopify/polaris/build/esm/configure.js',
    'D:/shopify_app_product/product-customise/node_modules/@shopify/polaris/build/esm/components/shared.js',
    'D:/shopify_app_product/product-customise/node_modules/@shopify/polaris/build/esm/components/ThemeProvider/ThemePro
vider.js',
    'D:/shopify_app_product/product-customise/node_modules/@shopify/polaris/build/esm/utilities/color-transformers.js',
    
'D:/shopify_app_product/product-customise/node_modules/@shopify/polaris/build/esm/utilities/within-content-context.js',
    
'D:/shopify_app_product/product-customise/node_modules/@shopify/polaris/build/esm/utilities/use-copy-to-clipboard.js',
    'D:/shopify_app_product/product-customise/node_modules/@shopify/polaris/build/esm/utilities/use-focus.js',
    'D:/shopify_app_product/product-customise/node_modules/@shopify/polaris/build/esm/utilities/use-event-listener.js',
    'D:/shopify_app_product/product-customise/node_modules/@shopify/polaris/build/esm/utilities/use-hover.js',
    'D:/shopify_app_product/product-customise/node_modules/@shopify/polaris/build/esm/utilities/use-media-query.js',
    'D:/shopify_app_product/product-customise/node_modules/@shopify/polaris/build/esm/utilities/use-theme.js',
    'D:/shopify_app_product/product-customise/node_modules/@shopify/polaris/build/esm/utilities/use-index-resource-stat
e.js',
    'D:/shopify_app_product/product-customise/node_modules/@shopify/polaris/build/esm/utilities/breakpoints.js',
    'D:/shopify_app_product/product-customise/node_modules/@shopify/polaris/build/esm/components/AppProvider/AppProvide
r.js',
    'D:/shopify_app_product/product-customise/node_modules/@shopify/polaris/build/esm/components/AccountConnection/Acco
untConnection.js',
    
'D:/shopify_app_product/product-customise/node_modules/@shopify/polaris/build/esm/components/ActionList/ActionList.js',
    
'D:/shopify_app_product/product-customise/node_modules/@shopify/polaris/build/esm/components/ActionMenu/ActionMenu.js',
    'D:/shopify_app_product/product-customise/node_modules/@shopify/polaris/build/esm/components/Autocomplete/Autocompl
ete.js',
    'D:/shopify_app_product/product-customise/node_modules/@shopify/polaris/build/esm/components/Avatar/Avatar.js',
    'D:/shopify_app_product/product-customise/node_modules/@shopify/polaris/build/esm/components/Backdrop/Backdrop.js',
    'D:/shopify_app_product/product-customise/node_modules/@shopify/polaris/build/esm/components/Badge/Badge.js',
    'D:/shopify_app_product/product-customise/node_modules/@shopify/polaris/build/esm/components/Badge/types.js',
    'D:/shopify_app_product/product-customise/node_modules/@shopify/polaris/build/esm/components/Banner/Banner.js',
    'D:/shopify_app_product/product-customise/node_modules/@shopify/polaris/build/esm/components/Bleed/Bleed.js',
    'D:/shopify_app_product/product-customise/node_modules/@shopify/polaris/build/esm/components/Box/Box.js',
    'D:/shopify_app_product/product-customise/node_modules/@shopify/polaris/build/esm/components/Breadcrumbs/Breadcrumb
s.js',
    'D:/shopify_app_product/product-customise/node_modules/@shopify/polaris/build/esm/components/BulkActions/BulkAction
s.js',
    'D:/shopify_app_product/product-customise/node_modules/@shopify/polaris/build/esm/components/Button/Button.js',
    'D:/shopify_app_product/product-customise/node_modules/@shopify/polaris/build/esm/components/Button/utils.js',
    'D:/shopify_app_product/product-customise/node_modules/@shopify/polaris/build/esm/components/ButtonGroup/ButtonGrou
p.js',
    'D:/shopify_app_product/product-customise/node_modules/@shopify/polaris/build/esm/components/CalloutCard/CalloutCar
d.js',
    'D:/shopify_app_product/product-customise/node_modules/@shopify/polaris/build/esm/components/Card/Card.js',
    
'D:/shopify_app_product/product-customise/node_modules/@shopify/polaris/build/esm/components/ChoiceList/ChoiceList.js',
    'D:/shopify_app_product/product-customise/node_modules/@shopify/polaris/build/esm/components/Checkbox/Checkbox.js',
    'D:/shopify_app_product/product-customise/node_modules/@shopify/polaris/build/esm/components/Collapsible/Collapsibl
e.js',
    
'D:/shopify_app_product/product-customise/node_modules/@shopify/polaris/build/esm/components/InlineGrid/InlineGrid.js',
    'D:/shopify_app_product/product-customise/node_modules/@shopify/polaris/build/esm/components/ColorPicker/ColorPicke
r.js',
    'D:/shopify_app_product/product-customise/node_modules/@shopify/polaris/build/esm/components/Combobox/Combobox.js',
    
'D:/shopify_app_product/product-customise/node_modules/@shopify/polaris/build/esm/components/Connected/Connected.js',
    'D:/shopify_app_product/product-customise/node_modules/@shopify/polaris/build/esm/components/ContextualSaveBar/Cont
extualSaveBar.js',
    
'D:/shopify_app_product/product-customise/node_modules/@shopify/polaris/build/esm/components/DataTable/DataTable.js',
    
'D:/shopify_app_product/product-customise/node_modules/@shopify/polaris/build/esm/components/DatePicker/DatePicker.js',
    'D:/shopify_app_product/product-customise/node_modules/@shopify/polaris/build/esm/components/DescriptionList/Descri
ptionList.js',
    'D:/shopify_app_product/product-customise/node_modules/@shopify/polaris/build/esm/components/Divider/Divider.js',
    'D:/shopify_app_product/product-customise/node_modules/@shopify/polaris/build/esm/components/DropZone/DropZone.js',
    'D:/shopify_app_product/product-customise/node_modules/@shopify/polaris/build/esm/components/EmptySearchResult/Empt
ySearchResult.js',
    
'D:/shopify_app_product/product-customise/node_modules/@shopify/polaris/build/esm/components/EmptyState/EmptyState.js',
    ... 929 more items
  ]
}
